// Jest Snapshot v1, https://goo.gl/fbAQLP

exports[`pages/Asset fetches market details and displays them correctly 1`] = `"Supply infoSupply APYTotal supply-APY-Distribution APY-"`;

exports[`pages/Asset fetches market details and displays them correctly 2`] = `"Borrow infoBorrow APYTotal borrow-APY-Distribution APY-"`;

exports[`pages/Asset fetches market details and displays them correctly 3`] = `"Interest Rate ModelUtilization rateBorrow APYSupply APY"`;

exports[`pages/Asset fetches market details and displays them correctly 4`] = `"Asset infoPrice$74.95Liquidity$811,477.26# of suppliers143# of borrowers18Borrow capUncappedDaily supplying interests$0.04Daily borrowing interests$0.04Daily XVS distributed25Reserves0 AAVEReserve factor0%Collateral factor0%vAAVE minted50,716,474,765,373.16458318Exchange rate1 AAVE=4641576581.659172 vAAVE"`;
