// Jest Snapshot v1, https://goo.gl/fbAQLP

exports[`api/queries/useGetTreasuryTotals calculates totals correctly 1`] = `
Object {
  "treasuryTotalAvailableLiquidityBalanceCents": "0",
  "treasuryTotalBalanceCents": "0",
  "treasuryTotalBorrowBalanceCents": "0",
  "treasuryTotalSupplyBalanceCents": "0",
}
`;

exports[`api/queries/useGetTreasuryTotals calculates totals correctly 2`] = `
Object {
  "treasuryTotalAvailableLiquidityBalanceCents": "1.01091026874669540229616270538041561527001e+28",
  "treasuryTotalBalanceCents": "331065694653.315142414173534023576484",
  "treasuryTotalBorrowBalanceCents": "865582034633700.05578966984628699999",
  "treasuryTotalSupplyBalanceCents": "1.010910267860354148705085851611465407068e+26",
}
`;
